# serializer version: 1
# name: test_conditional_script_empty
  '''
  []
  
  '''
# ---
# name: test_perl_tests
  '''
  - perl:
      uses:
      - Call::Context
  
  '''
# ---
# name: test_win_errorlevel_injection
  '''
  - script:
    - echo "This test is designed to fail."
    - python.exe -c "import sys; sys.exit(1)"
    - echo "This line will not be executed."
    requirements:
      run:
      - python
  
  '''
# ---
