---
source: src/render/solver.rs
expression: result
snapshot_kind: text
---
test environment (externally managed)

┌─────────┬─────────┬───────┬─────────────┬───────────┐
│ Package ┆ Version ┆ Build ┆ Channel     ┆      Size │
╞═════════╪═════════╪═══════╪═════════════╪═══════════╡
│ pkg     ┆ 1.0.2a1 ┆ h1    ┆ conda-forge ┆ 97.66 KiB │
│ pkg2    ┆ 2.0     ┆ h2    ┆ linux-64    ┆     200 B │
│ pkg3    ┆ 3.0     ┆ h3    ┆ simple      ┆     300 B │
└─────────┴─────────┴───────┴─────────────┴───────────┘
