---
source: src/recipe/parser/about.rs
assertion_line: 238
expression: err
---
  × Failed to parse recipe

Error:   × Parsing: failed to parse SPDX license: invalid character(s)
   ╭─[6:1]
 6 │         about:
 7 │             license: MIT/X derivate
   ·                      ───────┬──────
   ·                             ╰── here
 8 │         
   ╰────

