---
source: src/recipe/parser/requirements.rs
assertion_line: 619
expression: "serde_yaml::to_string(&requirements).unwrap()"
---
build:
- foo >=3.1
- pin_subpackage:
    name: foo
    max_pin: x.x
    min_pin: x.x.x.x
- pin_compatible:
    name: bar
    max_pin: x.x.x
    min_pin: x.x
- pin_compatible:
    name: bar
    min_pin: x.x
    exact: true
- compiler: gcc
