---
source: crates/rattler_build_recipe/src/stage0/parser/snapshot_tests.rs
expression: "serde_yaml::to_string(&recipe).unwrap()"
---
package:
  name: test-script-parsing
  version: 0.1.0
build:
  number: 0
  string: null
  script: {}
  noarch: null
  python:
    entry_points: []
    skip_pyc_compilation: []
    use_python_app_entrypoint: false
    version_independent: false
    site_packages_path: null
  skip: []
  always_copy_files: []
  always_include_files: []
  merge_build_and_host_envs: false
  files: []
  dynamic_linking:
    rpaths: []
    binary_relocation: true
    missing_dso_allowlist: []
    rpath_allowlist: []
    overdepending_behavior: null
    overlinking_behavior: null
  variant:
    use_keys: []
    ignore_keys: []
    down_prioritize_variant: null
  prefix_detection:
    force_file_type:
      text: []
      binary: []
    ignore: false
    ignore_binary_files: false
  post_process: []
requirements: {}
about:
  homepage: null
  license: null
  license_family: null
  summary: null
  description: null
  documentation: null
  repository: null
extra:
  recipe-maintainers: []
tests:
- script:
    content:
    - test.sh
- script:
    content:
    - echo "hello list"
    - echo "of commands"
    - echo "in a script"
- script:
    content:
    - if: unix
      then: echo "This is a unix-like system"
      else: echo "This is not a unix-like system"
- script:
    content:
    - '#!/usr/bin/env bash'
    - echo "This is a script provided as content"
- script:
    interpreter: bash
    content:
    - echo "This is a script provided as content"
- script:
    file: test.sh
- script:
    interpreter: bash
    file: test.sh
- script:
    env:
      TEST_ENV: Hello, world!
      FOOBAR: '42'
    content:
    - echo "This is a script with environment variables"
