---
source: crates/rattler_build_recipe/src/stage0/parser/snapshot_tests.rs
expression: recipe
---
SingleOutputRecipe {
    schema_version: None,
    context: {},
    package: Package {
        name: Concrete {
            value: PackageName(
                PackageName {
                    normalized: None,
                    source: "library-with-exports",
                },
            ),
            span: Span {
                start: 17,
                end: 17,
                start_line: 2,
                start_column: 9,
                end_line: 2,
                end_column: 9,
            },
        },
        version: Concrete {
            value: VersionWithSource {
                version: Version {
                    version: [[0], [3], [2], [1]],
                    local: [],
                },
                source: Some(
                    "3.2.1",
                ),
            },
            span: Span {
                start: 49,
                end: 49,
                start_line: 3,
                start_column: 12,
                end_line: 3,
                end_column: 12,
            },
        },
    },
    build: Build {
        number: Concrete {
            value: 0,
            span: Span {
                start: 0,
                end: 0,
                start_line: 0,
                start_column: 0,
                end_line: 0,
                end_column: 0,
            },
        },
        string: None,
        script: ConditionalList(
            [],
        ),
        noarch: None,
        python: PythonBuild {
            entry_points: ConditionalList(
                [],
            ),
            skip_pyc_compilation: ConditionalList(
                [],
            ),
            use_python_app_entrypoint: false,
            version_independent: false,
            site_packages_path: None,
        },
        skip: ConditionalList(
            [],
        ),
        always_copy_files: ConditionalList(
            [],
        ),
        always_include_files: ConditionalList(
            [],
        ),
        merge_build_and_host_envs: false,
        files: List(
            ConditionalList(
                [],
            ),
        ),
        dynamic_linking: DynamicLinking {
            rpaths: ConditionalList(
                [],
            ),
            binary_relocation: Boolean(
                Concrete {
                    value: true,
                    span: Span {
                        start: 0,
                        end: 0,
                        start_line: 0,
                        start_column: 0,
                        end_line: 0,
                        end_column: 0,
                    },
                },
            ),
            missing_dso_allowlist: ConditionalList(
                [],
            ),
            rpath_allowlist: ConditionalList(
                [],
            ),
            overdepending_behavior: None,
            overlinking_behavior: None,
        },
        variant: VariantKeyUsage {
            use_keys: ConditionalList(
                [],
            ),
            ignore_keys: ConditionalList(
                [],
            ),
            down_prioritize_variant: None,
        },
        prefix_detection: PrefixDetection {
            force_file_type: ForceFileType {
                text: ConditionalList(
                    [],
                ),
                binary: ConditionalList(
                    [],
                ),
            },
            ignore: Boolean(
                Concrete {
                    value: false,
                    span: Span {
                        start: 0,
                        end: 0,
                        start_line: 0,
                        start_column: 0,
                        end_line: 0,
                        end_column: 0,
                    },
                },
            ),
            ignore_binary_files: false,
        },
        post_process: [],
    },
    requirements: Requirements {
        build: ConditionalList(
            [
                Value(Concrete { value: SerializableMatchSpec(MatchSpec { name: Some(PackageName { normalized: None, source: "gcc" }), version: None, build: None, build_number: None, file_name: None, extras: None, channel: None, subdir: None, namespace: None, md5: None, sha256: None, url: None, license: None }), span: Span { start: 194, end: 194, start_line: 12, start_column: 7, end_line: 12, end_column: 7 } }),
            ],
        ),
        host: ConditionalList(
            [
                Value(Concrete { value: SerializableMatchSpec(MatchSpec { name: Some(PackageName { normalized: None, source: "python" }), version: None, build: None, build_number: None, file_name: None, extras: None, channel: None, subdir: None, namespace: None, md5: None, sha256: None, url: None, license: None }), span: Span { start: 212, end: 212, start_line: 14, start_column: 7, end_line: 14, end_column: 7 } }),
            ],
        ),
        run: ConditionalList(
            [
                Value(Concrete { value: SerializableMatchSpec(MatchSpec { name: Some(PackageName { normalized: None, source: "python" }), version: None, build: None, build_number: None, file_name: None, extras: None, channel: None, subdir: None, namespace: None, md5: None, sha256: None, url: None, license: None }), span: Span { start: 232, end: 232, start_line: 16, start_column: 7, end_line: 16, end_column: 7 } }),
            ],
        ),
        run_constraints: ConditionalList(
            [],
        ),
        run_exports: RunExports {
            noarch: ConditionalList(
                [
                    Value(Concrete { value: SerializableMatchSpec(MatchSpec { name: Some(PackageName { normalized: None, source: "library-with-exports-noarch" }), version: None, build: None, build_number: None, file_name: None, extras: None, channel: None, subdir: None, namespace: None, md5: None, sha256: None, url: None, license: None }), span: Span { start: 274, end: 274, start_line: 19, start_column: 9, end_line: 19, end_column: 9 } }),
                ],
            ),
            strong: ConditionalList(
                [
                    Value(Concrete { value: SerializableMatchSpec(MatchSpec { name: Some(PackageName { normalized: None, source: "library-with-exports" }), version: None, build: None, build_number: None, file_name: None, extras: None, channel: None, subdir: None, namespace: None, md5: None, sha256: None, url: None, license: None }), span: Span { start: 322, end: 322, start_line: 21, start_column: 9, end_line: 21, end_column: 9 } }),
                    Value(Concrete { value: SerializableMatchSpec(MatchSpec { name: Some(PackageName { normalized: None, source: "libfoo" }), version: Some(Range(GreaterEquals, Version { version: [[0], [1], [0]], local: [] })), build: None, build_number: None, file_name: None, extras: None, channel: None, subdir: None, namespace: None, md5: None, sha256: None, url: None, license: None }), span: Span { start: 351, end: 351, start_line: 22, start_column: 9, end_line: 22, end_column: 9 } }),
                ],
            ),
            strong_constraints: ConditionalList(
                [
                    Value(Concrete { value: SerializableMatchSpec(MatchSpec { name: Some(PackageName { normalized: None, source: "libbar" }), version: Some(Range(Less, Version { version: [[0], [2], [0]], local: [] })), build: None, build_number: None, file_name: None, extras: None, channel: None, subdir: None, namespace: None, md5: None, sha256: None, url: None, license: None }), span: Span { start: 396, end: 396, start_line: 24, start_column: 9, end_line: 24, end_column: 9 } }),
                ],
            ),
            weak: ConditionalList(
                [
                    Value(Concrete { value: SerializableMatchSpec(MatchSpec { name: Some(PackageName { normalized: None, source: "optional-dep" }), version: None, build: None, build_number: None, file_name: None, extras: None, channel: None, subdir: None, namespace: None, md5: None, sha256: None, url: None, license: None }), span: Span { start: 426, end: 426, start_line: 26, start_column: 9, end_line: 26, end_column: 9 } }),
                ],
            ),
            weak_constraints: ConditionalList(
                [
                    Value(Concrete { value: SerializableMatchSpec(MatchSpec { name: Some(PackageName { normalized: None, source: "another-optional" }), version: Some(Range(Less, Version { version: [[0], [3], [0]], local: [] })), build: None, build_number: None, file_name: None, extras: None, channel: None, subdir: None, namespace: None, md5: None, sha256: None, url: None, license: None }), span: Span { start: 469, end: 469, start_line: 28, start_column: 9, end_line: 28, end_column: 9 } }),
                ],
            ),
        },
        ignore_run_exports: IgnoreRunExports {
            by_name: ConditionalList(
                [
                    Value(Concrete { value: "ignored-lib", span: Span { start: 534, end: 534, start_line: 31, start_column: 9, end_line: 31, end_column: 9 } }),
                    Value(Concrete { value: "another-ignored", span: Span { start: 554, end: 554, start_line: 32, start_column: 9, end_line: 32, end_column: 9 } }),
                ],
            ),
            from_package: ConditionalList(
                [
                    Value(Concrete { value: "problematic-package", span: Span { start: 596, end: 596, start_line: 34, start_column: 9, end_line: 34, end_column: 9 } }),
                ],
            ),
        },
    },
    about: About {
        homepage: Some(
            Concrete {
                value: Url {
                    scheme: "https",
                    cannot_be_a_base: false,
                    username: "",
                    password: None,
                    host: Some(
                        Domain(
                            "example.com",
                        ),
                    ),
                    port: None,
                    path: "/",
                    query: None,
                    fragment: None,
                },
                span: Span {
                    start: 75,
                    end: 75,
                    start_line: 6,
                    start_column: 13,
                    end_line: 6,
                    end_column: 13,
                },
            },
        ),
        license: Some(
            Concrete {
                value: License(
                    BSD-3-Clause,
                ),
                span: Span {
                    start: 106,
                    end: 106,
                    start_line: 7,
                    start_column: 12,
                    end_line: 7,
                    end_column: 12,
                },
            },
        ),
        license_file: ConditionalList(
            [],
        ),
        license_family: None,
        summary: Some(
            Concrete {
                value: "Library that exports dependencies",
                span: Span {
                    start: 130,
                    end: 130,
                    start_line: 8,
                    start_column: 12,
                    end_line: 8,
                    end_column: 12,
                },
            },
        ),
        description: None,
        documentation: None,
        repository: None,
    },
    extra: Extra {
        recipe_maintainers: ConditionalList(
            [
                Value(Concrete { value: "maintainer", span: Span { start: 652, end: 652, start_line: 38, start_column: 7, end_line: 38, end_column: 7 } }),
            ],
        ),
    },
    source: [],
    tests: [],
}
