---
source: crates/rattler_build_recipe/src/stage0/parser/snapshot_tests.rs
assertion_line: 154
expression: vars
---
[
    "CONDA_BUILD_SYSROOT",
    "CPU_COUNT",
    "c_compiler",
    "c_compiler_version",
    "name",
    "python_version",
    "staging_name",
    "unix",
    "version",
    "win",
]
