---
source: crates/rattler_build_recipe/src/stage0/parser/snapshot_tests.rs
expression: "serde_yaml::to_string(&recipe).unwrap()"
---
schema_version: 1
recipe:
  name: myproject
  version: 1.0.0
source:
- url:
  - https://example.com/source.tar.gz
  sha256: e3b0c44298fc1c149afbf4c8996fb92427ae41e4649b934ca495991b7852b855
build:
  number: 0
  string: null
  script: {}
  noarch: null
  python:
    entry_points: []
    skip_pyc_compilation: []
    use_python_app_entrypoint: false
    version_independent: false
    site_packages_path: null
  skip: []
  always_copy_files: []
  always_include_files: []
  merge_build_and_host_envs: false
  files: []
  dynamic_linking:
    rpaths: []
    binary_relocation: true
    missing_dso_allowlist: []
    rpath_allowlist: []
    overdepending_behavior: null
    overlinking_behavior: null
  variant:
    use_keys: []
    ignore_keys: []
    down_prioritize_variant: null
  prefix_detection:
    force_file_type:
      text: []
      binary: []
    ignore: false
    ignore_binary_files: false
  post_process: []
about:
  homepage: null
  license: null
  license_family: null
  summary: null
  description: null
  documentation: null
  repository: null
extra: {}
outputs:
- staging:
    name: build-cache
  source:
  - url:
    - https://example.com/build-source.tar.gz
    sha256: e3b0c44298fc1c149afbf4c8996fb92427ae41e4649b934ca495991b7852b855
  requirements:
    build:
    - gcc
    - cmake
    host:
    - zlib
  build:
    script:
      content:
      - cmake -S . -B build
      - cmake --build build
- package:
    name: mylib
    version: 1.0.0
  inherit: build-cache
  requirements:
    run:
    - libgcc
  build:
    number: 0
    string: null
    script: {}
    noarch: null
    python:
      entry_points: []
      skip_pyc_compilation: []
      use_python_app_entrypoint: false
      version_independent: false
      site_packages_path: null
    skip: []
    always_copy_files: []
    always_include_files: []
    merge_build_and_host_envs: false
    files: []
    dynamic_linking:
      rpaths: []
      binary_relocation: true
      missing_dso_allowlist: []
      rpath_allowlist: []
      overdepending_behavior: null
      overlinking_behavior: null
    variant:
      use_keys: []
      ignore_keys: []
      down_prioritize_variant: null
    prefix_detection:
      force_file_type:
        text: []
        binary: []
      ignore: false
      ignore_binary_files: false
    post_process: []
  about:
    homepage: null
    license: MIT
    license_family: null
    summary: My awesome library
    description: null
    documentation: null
    repository: null
