---
source: src/recipe/parser.rs
assertion_line: 271
expression: err
---
  × Failed to parse recipe

Error:   × Parsing: expected a mapping.
   ╭─[1:1]
 1 │ 
 2 │         context: "not-mapping"
   ·                  ──────┬──────
   ·                        ╰── here
 3 │ 
   ╰────
  help: `context` must always be a mapping

