---
source: src/recipe/parser.rs
assertion_line: 458
expression: err
---
  × Failed to parse recipe

Error: 
  × expected a scalar value.
   ╭─[4:16]
 3 │               key:
 4 │ ╭─▶             foo:
 5 │ ├─▶               - [not, scalar]
   · ╰──── here
 6 │     
   ╰────
  help: `context` values must always be scalars (booleans, integers or
        strings) or uniform lists of scalars
